[info] welcome to sbt 1.11.7 (Eclipse Adoptium Java 17.0.17)
[info] loading settings for project zio-blocks-build-build from sbt-updates.sbt...
[info] loading project definition from C:\Users\84eth\.gemini\antigravity\brain\3e16b86c-10a6-4cec-aa7e-49dbe3c095df\ZIO_Strike\zio-blocks\project\project
[info] loading settings for project zio-blocks-build from plugins.sbt...
[info] loading project definition from C:\Users\84eth\.gemini\antigravity\brain\3e16b86c-10a6-4cec-aa7e-49dbe3c095df\ZIO_Strike\zio-blocks\project
[info] loading settings for project root from build.sbt...
[info] resolving key references (14743 settings) ...
[info] set current project to root (in build file:/C:/Users/84eth/.gemini/antigravity/brain/3e16b86c-10a6-4cec-aa7e-49dbe3c095df/ZIO_Strike/zio-blocks/)
[info] Executing in batch mode. For better performance use sbt's shell
[info] compiling 1 Scala source to C:\Users\84eth\.gemini\antigravity\brain\3e16b86c-10a6-4cec-aa7e-49dbe3c095df\ZIO_Strike\zio-blocks\streams\.jvm\target\scala-3.7.4\classes ...
[info] compiling 5 Scala sources to C:\Users\84eth\.gemini\antigravity\brain\3e16b86c-10a6-4cec-aa7e-49dbe3c095df\ZIO_Strike\zio-blocks\schema\jvm\target\scala-3.7.4\classes ...
[info] compiling 5 Scala sources to C:\Users\84eth\.gemini\antigravity\brain\3e16b86c-10a6-4cec-aa7e-49dbe3c095df\ZIO_Strike\zio-blocks\schema\native\target\scala-3.7.4\classes ...
[info] compiling 1 Scala source to C:\Users\84eth\.gemini\antigravity\brain\3e16b86c-10a6-4cec-aa7e-49dbe3c095df\ZIO_Strike\zio-blocks\streams\.js\target\scala-3.7.4\classes ...
[info] compiling 1 Scala source to C:\Users\84eth\.gemini\antigravity\brain\3e16b86c-10a6-4cec-aa7e-49dbe3c095df\ZIO_Strike\zio-blocks\streams\.native\target\scala-3.7.4\classes ...
[info] compiling 5 Scala sources to C:\Users\84eth\.gemini\antigravity\brain\3e16b86c-10a6-4cec-aa7e-49dbe3c095df\ZIO_Strike\zio-blocks\schema\js\target\scala-3.7.4\classes ...
[error] -- [E008] Not Found Error: C:\Users\84eth\.gemini\antigravity\brain\3e16b86c-10a6-4cec-aa7e-49dbe3c095df\ZIO_Strike\zio-blocks\schema\shared\src\main\scala\zio\blocks\schema\Differ.scala:3:33 
[error] 3 |import zio.blocks.schema.Reflect.PrimitiveType
[error]   |                                 ^^^^^^^^^^^^^
[error]   |   value PrimitiveType is not a member of object zio.blocks.schema.Reflect
[error] -- [E008] Not Found Error: C:\Users\84eth\.gemini\antigravity\brain\3e16b86c-10a6-4cec-aa7e-49dbe3c095df\ZIO_Strike\zio-blocks\schema\shared\src\main\scala\zio\blocks\schema\Differ.scala:3:33 
[error] 3 |import zio.blocks.schema.Reflect.PrimitiveType
[error]   |                                 ^^^^^^^^^^^^^
[error]   |   value PrimitiveType is not a member of object zio.blocks.schema.Reflect
[error] -- [E008] Not Found Error: C:\Users\84eth\.gemini\antigravity\brain\3e16b86c-10a6-4cec-aa7e-49dbe3c095df\ZIO_Strike\zio-blocks\schema\shared\src\main\scala\zio\blocks\schema\Differ.scala:3:33 
[error] 3 |import zio.blocks.schema.Reflect.PrimitiveType
[error]   |                                 ^^^^^^^^^^^^^
[error]   |   value PrimitiveType is not a member of object zio.blocks.schema.Reflect
[error] -- [E006] Not Found Error: C:\Users\84eth\.gemini\antigravity\brain\3e16b86c-10a6-4cec-aa7e-49dbe3c095df\ZIO_Strike\zio-blocks\schema\shared\src\main\scala\zio\blocks\schema\Differ.scala:51:41 
[error] 51 |        case seq: Reflect.Sequence[F, A, C] =>
[error]    |                                         ^
[error]    |                                         Not found: type C
[error]    |----------------------------------------------------------------------------
[error]    | Explanation (enabled by `-explain`)
[error]    |- - - - - - - - - - - - - - - - - - - - - - - - - - - - - - - - - - - - - -
[error]    | Each identifier in Scala needs a matching declaration. There are two kinds of
[error]    | identifiers: type identifiers and value identifiers. Value identifiers are introduced
[error]    | by `val`, `def`, or `object` declarations. Type identifiers are introduced by `type`,
[error]    | `class`, `enum`, or `trait` declarations.
[error]    |
[error]    | Identifiers refer to matching declarations in their environment, or they can be
[error]    | imported from elsewhere.
[error]    |
[error]    | Possible reasons why no matching declaration was found:
[error]    |  - The declaration or the use is mis-spelt.
[error]    |  - An import is missing.
[error]     ----------------------------------------------------------------------------
[error] -- [E006] Not Found Error: C:\Users\84eth\.gemini\antigravity\brain\3e16b86c-10a6-4cec-aa7e-49dbe3c095df\ZIO_Strike\zio-blocks\schema\shared\src\main\scala\zio\blocks\schema\Differ.scala:51:41 
[error] 51 |        case seq: Reflect.Sequence[F, A, C] =>
[error]    |                                         ^
[error]    |                                         Not found: type C
[error]    |----------------------------------------------------------------------------
[error]    | Explanation (enabled by `-explain`)
[error]    |- - - - - - - - - - - - - - - - - - - - - - - - - - - - - - - - - - - - - -
[error]    | Each identifier in Scala needs a matching declaration. There are two kinds of
[error]    | identifiers: type identifiers and value identifiers. Value identifiers are introduced
[error]    | by `val`, `def`, or `object` declarations. Type identifiers are introduced by `type`,
[error]    | `class`, `enum`, or `trait` declarations.
[error]    |
[error]    | Identifiers refer to matching declarations in their environment, or they can be
[error]    | imported from elsewhere.
[error]    |
[error]    | Possible reasons why no matching declaration was found:
[error]    |  - The declaration or the use is mis-spelt.
[error]    |  - An import is missing.
[error]     ----------------------------------------------------------------------------
[error] -- [E006] Not Found Error: C:\Users\84eth\.gemini\antigravity\brain\3e16b86c-10a6-4cec-aa7e-49dbe3c095df\ZIO_Strike\zio-blocks\schema\shared\src\main\scala\zio\blocks\schema\Differ.scala:51:41 
[error] 51 |        case seq: Reflect.Sequence[F, A, C] =>
[error]    |                                         ^
[error]    |                                         Not found: type C
[error]    |----------------------------------------------------------------------------
[error]    | Explanation (enabled by `-explain`)
[error]    |- - - - - - - - - - - - - - - - - - - - - - - - - - - - - - - - - - - - - -
[error]    | Each identifier in Scala needs a matching declaration. There are two kinds of
[error]    | identifiers: type identifiers and value identifiers. Value identifiers are introduced
[error]    | by `val`, `def`, or `object` declarations. Type identifiers are introduced by `type`,
[error]    | `class`, `enum`, or `trait` declarations.
[error]    |
[error]    | Identifiers refer to matching declarations in their environment, or they can be
[error]    | imported from elsewhere.
[error]    |
[error]    | Possible reasons why no matching declaration was found:
[error]    |  - The declaration or the use is mis-spelt.
[error]    |  - An import is missing.
[error]     ----------------------------------------------------------------------------
[info] done compiling
[info] done compiling
[error] -- [E006] Not Found Error: C:\Users\84eth\.gemini\antigravity\brain\3e16b86c-10a6-4cec-aa7e-49dbe3c095df\ZIO_Strike\zio-blocks\schema\shared\src\main\scala\zio\blocks\schema\Schema.scala:98:63 
[error] 98 |  def diff(thisValue: A, thatValue: A): Patch[A] = Differ.diff(self, thisValue, thatValue)
[error]    |                                                               ^^^^
[error]    |                                                         Not found: self
[error]    |----------------------------------------------------------------------------
[error]    | Explanation (enabled by `-explain`)
[error]    |- - - - - - - - - - - - - - - - - - - - - - - - - - - - - - - - - - - - - -
[error]    | Each identifier in Scala needs a matching declaration. There are two kinds of
[error]    | identifiers: type identifiers and value identifiers. Value identifiers are introduced
[error]    | by `val`, `def`, or `object` declarations. Type identifiers are introduced by `type`,
[error]    | `class`, `enum`, or `trait` declarations.
[error]    |
[error]    | Identifiers refer to matching declarations in their environment, or they can be
[error]    | imported from elsewhere.
[error]    |
[error]    | Possible reasons why no matching declaration was found:
[error]    |  - The declaration or the use is mis-spelt.
[error]    |  - An import is missing.
[error]     ----------------------------------------------------------------------------
[error] three errors found
[info] done compiling
[error] -- [E006] Not Found Error: C:\Users\84eth\.gemini\antigravity\brain\3e16b86c-10a6-4cec-aa7e-49dbe3c095df\ZIO_Strike\zio-blocks\schema\shared\src\main\scala\zio\blocks\schema\Schema.scala:98:63 
[error] 98 |  def diff(thisValue: A, thatValue: A): Patch[A] = Differ.diff(self, thisValue, thatValue)
[error]    |                                                               ^^^^
[error]    |                                                         Not found: self
[error]    |----------------------------------------------------------------------------
[error]    | Explanation (enabled by `-explain`)
[error]    |- - - - - - - - - - - - - - - - - - - - - - - - - - - - - - - - - - - - - -
[error]    | Each identifier in Scala needs a matching declaration. There are two kinds of
[error]    | identifiers: type identifiers and value identifiers. Value identifiers are introduced
[error]    | by `val`, `def`, or `object` declarations. Type identifiers are introduced by `type`,
[error]    | `class`, `enum`, or `trait` declarations.
[error]    |
[error]    | Identifiers refer to matching declarations in their environment, or they can be
[error]    | imported from elsewhere.
[error]    |
[error]    | Possible reasons why no matching declaration was found:
[error]    |  - The declaration or the use is mis-spelt.
[error]    |  - An import is missing.
[error]     ----------------------------------------------------------------------------
[error] three errors found
[error] -- [E006] Not Found Error: C:\Users\84eth\.gemini\antigravity\brain\3e16b86c-10a6-4cec-aa7e-49dbe3c095df\ZIO_Strike\zio-blocks\schema\shared\src\main\scala\zio\blocks\schema\Schema.scala:98:63 
[error] 98 |  def diff(thisValue: A, thatValue: A): Patch[A] = Differ.diff(self, thisValue, thatValue)
[error]    |                                                               ^^^^
[error]    |                                                         Not found: self
[error]    |----------------------------------------------------------------------------
[error]    | Explanation (enabled by `-explain`)
[error]    |- - - - - - - - - - - - - - - - - - - - - - - - - - - - - - - - - - - - - -
[error]    | Each identifier in Scala needs a matching declaration. There are two kinds of
[error]    | identifiers: type identifiers and value identifiers. Value identifiers are introduced
[error]    | by `val`, `def`, or `object` declarations. Type identifiers are introduced by `type`,
[error]    | `class`, `enum`, or `trait` declarations.
[error]    |
[error]    | Identifiers refer to matching declarations in their environment, or they can be
[error]    | imported from elsewhere.
[error]    |
[error]    | Possible reasons why no matching declaration was found:
[error]    |  - The declaration or the use is mis-spelt.
[error]    |  - An import is missing.
[error]     ----------------------------------------------------------------------------
[error] three errors found
[error] (schemaJVM / Compile / compileIncremental) Compilation failed
[error] (schemaNative / Compile / compileIncremental) Compilation failed
[error] (schemaJS / Compile / compileIncremental) Compilation failed
[error] Total time: 15 s, completed 2025. 12. 24. ?ㅽ썑 9:51:01
