[info] welcome to sbt 1.12.0 (Microsoft Java 17.0.17)
[info] loading settings for project zio-blocks-build-build from sbt-updates.sbt...
[info] loading project definition from C:\Users\ashut\OneDrive\Documents\latest algora bounty prs\zio-blocks\project\project
[info] loading settings for project zio-blocks-build from plugins.sbt...
[info] loading project definition from C:\Users\ashut\OneDrive\Documents\latest algora bounty prs\zio-blocks\project
[info] loading settings for project root from build.sbt...
[info] resolving key references (22671 settings) ...
[info] set current project to root (in build file:/C:/Users/ashut/OneDrive/Documents/latest%20algora%20bounty%20prs/zio-blocks/)
[info] compiling 5 Scala sources to C:\Users\ashut\OneDrive\Documents\latest algora bounty prs\zio-blocks\schema\jvm\target\scala-3.3.7\classes ...
[error] -- [E007] Type Mismatch Error: C:\Users\ashut\OneDrive\Documents\latest algora bounty prs\zio-blocks\schema\shared\src\main\scala\zio\blocks\schema\Patch.scala:50:45 
[error] 50 |          case _          => Left(OpticCheck(Nil)) // Should not happen for Lens
[error]    |                                             ^^^
[error]    |                       Found:    scala.collection.immutable.Nil.type
[error]    |                       Required: ::[zio.blocks.schema.OpticCheck.Single]
[error]    |----------------------------------------------------------------------------
[error]    | Explanation (enabled by `-explain`)
[error]    |- - - - - - - - - - - - - - - - - - - - - - - - - - - - - - - - - - - - - -
[error]    |
[error]    | Tree:
[error]    |
[error]    | Nil
[error]    |
[error]    | I tried to show that
[error]    |   scala.collection.immutable.Nil.type
[error]    | conforms to
[error]    |   ::[zio.blocks.schema.OpticCheck.Single]
[error]    | but none of the attempts shown below succeeded:
[error]    |
[error]    |   ==> scala.collection.immutable.Nil.type  <:  ::[zio.blocks.schema.OpticCheck.Single]
[error]    |     ==> object scala.collection.immutable.Nil  <:  ::[zio.blocks.schema.OpticCheck.Single]  = false
[error]    |
[error]    | The tests were made under a constraint with:
[error]    |  uninstantiated variables: A, B, A, B
[error]    |  constrained types: [A, B](value: A): Left[A, B], [A, B](value: A): Left[A, B]
[error]    |  bounds:
[error]    |      A
[error]    |      B
[error]    |      A >: zio.blocks.schema.OpticCheck <: zio.blocks.schema.OpticCheck
[error]    |      B <: S
[error]    |  ordering:
[error]    |  co-deps:
[error]    |  contra-deps:
[error]    |
[error]    |
[error]    | The required type comes from a parameter of the automatically
[error]    | inserted `apply` method of `zio.blocks.schema.OpticCheck.type`.
[error]     ----------------------------------------------------------------------------
[error] -- [E007] Type Mismatch Error: C:\Users\ashut\OneDrive\Documents\latest algora bounty prs\zio-blocks\schema\shared\src\main\scala\zio\blocks\schema\Patch.scala:55:45 
[error] 55 |          case _          => Left(OpticCheck(Nil))
[error]    |                                             ^^^
[error]    |                       Found:    scala.collection.immutable.Nil.type
[error]    |                       Required: ::[zio.blocks.schema.OpticCheck.Single]
[error]    |----------------------------------------------------------------------------
[error]    | Explanation (enabled by `-explain`)
[error]    |- - - - - - - - - - - - - - - - - - - - - - - - - - - - - - - - - - - - - -
[error]    |
[error]    | Tree:
[error]    |
[error]    | Nil
[error]    |
[error]    | I tried to show that
[error]    |   scala.collection.immutable.Nil.type
[error]    | conforms to
[error]    |   ::[zio.blocks.schema.OpticCheck.Single]
[error]    | but none of the attempts shown below succeeded:
[error]    |
[error]    |   ==> scala.collection.immutable.Nil.type  <:  ::[zio.blocks.schema.OpticCheck.Single]
[error]    |     ==> object scala.collection.immutable.Nil  <:  ::[zio.blocks.schema.OpticCheck.Single]  = false
[error]    |
[error]    | The tests were made under a constraint with:
[error]    |  uninstantiated variables: A, B, A, B
[error]    |  constrained types: [A, B](value: A): Left[A, B], [A, B](value: A): Left[A, B]
[error]    |  bounds:
[error]    |      A
[error]    |      B
[error]    |      A >: zio.blocks.schema.OpticCheck <: zio.blocks.schema.OpticCheck
[error]    |      B <: S
[error]    |  ordering:
[error]    |  co-deps:
[error]    |  contra-deps:
[error]    |
[error]    |
[error]    | The required type comes from a parameter of the automatically
[error]    | inserted `apply` method of `zio.blocks.schema.OpticCheck.type`.
[error]     ----------------------------------------------------------------------------
[error] -- [E007] Type Mismatch Error: C:\Users\ashut\OneDrive\Documents\latest algora bounty prs\zio-blocks\schema\shared\src\main\scala\zio\blocks\schema\Patch.scala:60:45 
[error] 60 |          case _          => Left(OpticCheck(Nil))
[error]    |                                             ^^^
[error]    |                       Found:    scala.collection.immutable.Nil.type
[error]    |                       Required: ::[zio.blocks.schema.OpticCheck.Single]
[error]    |----------------------------------------------------------------------------
[error]    | Explanation (enabled by `-explain`)
[error]    |- - - - - - - - - - - - - - - - - - - - - - - - - - - - - - - - - - - - - -
[error]    |
[error]    | Tree:
[error]    |
[error]    | Nil
[error]    |
[error]    | I tried to show that
[error]    |   scala.collection.immutable.Nil.type
[error]    | conforms to
[error]    |   ::[zio.blocks.schema.OpticCheck.Single]
[error]    | but none of the attempts shown below succeeded:
[error]    |
[error]    |   ==> scala.collection.immutable.Nil.type  <:  ::[zio.blocks.schema.OpticCheck.Single]
[error]    |     ==> object scala.collection.immutable.Nil  <:  ::[zio.blocks.schema.OpticCheck.Single]  = false
[error]    |
[error]    | The tests were made under a constraint with:
[error]    |  uninstantiated variables: A, B, A, B
[error]    |  constrained types: [A, B](value: A): Left[A, B], [A, B](value: A): Left[A, B]
[error]    |  bounds:
[error]    |      A
[error]    |      B
[error]    |      A >: zio.blocks.schema.OpticCheck <: zio.blocks.schema.OpticCheck
[error]    |      B <: S
[error]    |  ordering:
[error]    |  co-deps:
[error]    |  contra-deps:
[error]    |
[error]    |
[error]    | The required type comes from a parameter of the automatically
[error]    | inserted `apply` method of `zio.blocks.schema.OpticCheck.type`.
[error]     ----------------------------------------------------------------------------
[error] -- [E008] Not Found Error: C:\Users\ashut\OneDrive\Documents\latest algora bounty prs\zio-blocks\schema\shared\src\main\scala\zio\blocks\schema\Patch.scala:154:53 
[error] 154 |            val lens = record.lensByIndex[Any](field.index).get
[error]     |                                               ^^^^^^^^^^^
[error]     |value index is not a member of zio.blocks.schema.Term[zio.blocks.schema.binding.Binding, A, ?]
[error] -- [E008] Not Found Error: C:\Users\ashut\OneDrive\Documents\latest algora bounty prs\zio-blocks\schema\shared\src\main\scala\zio\blocks\schema\Patch.scala:157:46 
[error] 157 |            acc ++ diff(oldVal, newVal)(field.schema.asInstanceOf[Schema[Any]]).map(lens.asInstanceOf[Lens[A, Any]])
[error]     |                                        ^^^^^^^^^^^^
[error]     |value schema is not a member of zio.blocks.schema.Term[zio.blocks.schema.binding.Binding, A, ?]
[error] -- [E008] Not Found Error: C:\Users\ashut\OneDrive\Documents\latest algora bounty prs\zio-blocks\schema\shared\src\main\scala\zio\blocks\schema\Patch.scala:168:63 
[error] 168 |                diff(oldVal, newVal)(variant.cases(oldCaseIdx).schema.asInstanceOf[Schema[Any]]).map(prism.asInstanceOf[Prism[A, Any & A]])
[error]     |                                     ^^^^^^^^^^^^^^^^^^^^^^^^^^^^^^^^
[error]     |value schema is not a member of zio.blocks.schema.Term[zio.blocks.schema.binding.Binding, A, ? <: A]
[error] -- [E007] Type Mismatch Error: C:\Users\ashut\OneDrive\Documents\latest algora bounty prs\zio-blocks\schema\shared\src\main\scala\zio\blocks\schema\Patch.scala:202:47 
[error] 202 |      case p: Prism[T, S] => PrismPair(p.apply(optic), op)
[error]     |                                               ^^^^^
[error]     |      Found:    (PrismPair.this.optic : zio.blocks.schema.Prism[S, A])
[error]     |      Required: zio.blocks.schema.Prism[S, T & S]
[error]     |
[error]     |      where:    A is a type in class PrismPair with bounds <: S
[error]     |                S is a type in class PrismPair with bounds >: A
[error]     |---------------------------------------------------------------------------
[error]     | Explanation (enabled by `-explain`)
[error]     |- - - - - - - - - - - - - - - - - - - - - - - - - - - - - - - - - - - - - -
[error]     |
[error]     | Tree:
[error]     |
[error]     | PrismPair.this.optic
[error]     |
[error]     | I tried to show that
[error]     |   (PrismPair.this.optic : zio.blocks.schema.Prism[S, A])
[error]     | conforms to
[error]     |   zio.blocks.schema.Prism[S, T & S]
[error]     | but none of the attempts shown below succeeded:
[error]     |
[error]     |   ==> (PrismPair.this.optic : zio.blocks.schema.Prism[S, A])  <:  zio.blocks.schema.Prism[S, T & S]
[error]     |     ==> T & S  <:  A
[error]     |       ==> T & S  <:  Nothing in frozen constraint
[error]     |         ==> T  <:  Nothing in frozen constraint
[error]     |           ==> Any  <:  Nothing in frozen constraint  = false
[error]     |           ==> Any  <:  Nothing in frozen constraint  = false
[error]     |         ==> S  <:  Nothing in frozen constraint
[error]     |           ==> Any  <:  Nothing in frozen constraint  = false
[error]     |           ==> Any  <:  Nothing in frozen constraint  = false
[error]     |       ==> T  <:  A
[error]     |         ==> T  <:  Nothing in frozen constraint
[error]     |           ==> Any  <:  Nothing in frozen constraint  = false
[error]     |           ==> Any  <:  Nothing in frozen constraint  = false
[error]     |         ==> Any  <:  A
[error]     |           ==> Any  <:  Nothing in frozen constraint  = false
[error]     |         ==> Any  <:  A in frozen constraint
[error]     |           ==> Any  <:  Nothing in frozen constraint  = false
[error]     |       ==> S  <:  A
[error]     |         ==> S  <:  Nothing in frozen constraint
[error]     |           ==> Any  <:  Nothing in frozen constraint  = false
[error]     |           ==> Any  <:  Nothing in frozen constraint  = false
[error]     |         ==> Any  <:  A
[error]     |           ==> Any  <:  Nothing in frozen constraint  = false
[error]     |         ==> Any  <:  A in frozen constraint
[error]     |           ==> Any  <:  Nothing in frozen constraint  = false
[error]     |     ==> zio.blocks.schema.Prism[S, A]  <:  zio.blocks.schema.Prism[S, T & S]
[error]     |       ==> T & S  <:  A
[error]     |         ==> T & S  <:  Nothing in frozen constraint
[error]     |           ==> T  <:  Nothing in frozen constraint
[error]     |             ==> Any  <:  Nothing in frozen constraint  = false
[error]     |             ==> Any  <:  Nothing in frozen constraint  = false
[error]     |           ==> S  <:  Nothing in frozen constraint
[error]     |             ==> Any  <:  Nothing in frozen constraint  = false
[error]     |             ==> Any  <:  Nothing in frozen constraint  = false
[error]     |         ==> T  <:  A
[error]     |           ==> T  <:  Nothing in frozen constraint
[error]     |             ==> Any  <:  Nothing in frozen constraint  = false
[error]     |             ==> Any  <:  Nothing in frozen constraint  = false
[error]     |           ==> Any  <:  A
[error]     |             ==> Any  <:  Nothing in frozen constraint  = false
[error]     |           ==> Any  <:  A in frozen constraint
[error]     |             ==> Any  <:  Nothing in frozen constraint  = false
[error]     |         ==> S  <:  A
[error]     |           ==> S  <:  Nothing in frozen constraint
[error]     |             ==> Any  <:  Nothing in frozen constraint  = false
[error]     |             ==> Any  <:  Nothing in frozen constraint  = false
[error]     |           ==> Any  <:  A
[error]     |             ==> Any  <:  Nothing in frozen constraint  = false
[error]     |           ==> Any  <:  A in frozen constraint
[error]     |             ==> Any  <:  Nothing in frozen constraint  = false
[error]     |
[error]     | The tests were made under a constraint with:
[error]     |  uninstantiated variables: S, A, B
[error]     |  constrained types:
[error]     |   [S, A <: S]
[error]     |     (optic: zio.blocks.schema.Prism[S, A], op: zio.blocks.schema.Patch.Op[A]):
[error]     |       zio.blocks.schema.Patch.PrismPair[S, A]
[error]     |   ,
[error]     |   [S, A <: S]
[error]     |     (optic: zio.blocks.schema.Prism[S, A], op: zio.blocks.schema.Patch.Op[A]):
[error]     |       zio.blocks.schema.Patch.PrismPair[S, A]
[error]     |   ,
[error]     |   [B]
[error]     |     (that: zio.blocks.schema.Traversal[S, B]): zio.blocks.schema.Traversal[T, B]
[error]     |     ,
[error]     |   [B <: S](that: zio.blocks.schema.Prism[S, B]): zio.blocks.schema.Prism[T, B]
[error]     |  bounds:
[error]     |      S
[error]     |      A
[error]     |      S := T
[error]     |      A := T & S
[error]     |      B
[error]     |      B := T & S
[error]     |  ordering:
[error]     |      A <: S
[error]     |  co-deps:
[error]     |  contra-deps:
[error]      ---------------------------------------------------------------------------
[error] -- [E007] Type Mismatch Error: C:\Users\ashut\OneDrive\Documents\latest algora bounty prs\zio-blocks\schema\shared\src\main\scala\zio\blocks\schema\Patch.scala:202:55 
[error] 202 |      case p: Prism[T, S] => PrismPair(p.apply(optic), op)
[error]     |                                                       ^^
[error]     |         Found:    (PrismPair.this.op : zio.blocks.schema.Patch.Op[A])
[error]     |         Required: zio.blocks.schema.Patch.Op[T & S]
[error]     |
[error]     |         where:    A is a type in class PrismPair with bounds <: S
[error]     |                   S is a type in class PrismPair with bounds >: A
[error]     |---------------------------------------------------------------------------
[error]     | Explanation (enabled by `-explain`)
[error]     |- - - - - - - - - - - - - - - - - - - - - - - - - - - - - - - - - - - - - -
[error]     |
[error]     | Tree:
[error]     |
[error]     | PrismPair.this.op
[error]     |
[error]     | I tried to show that
[error]     |   (PrismPair.this.op : zio.blocks.schema.Patch.Op[A])
[error]     | conforms to
[error]     |   zio.blocks.schema.Patch.Op[T & S]
[error]     | but none of the attempts shown below succeeded:
[error]     |
[error]     |   ==> (PrismPair.this.op : zio.blocks.schema.Patch.Op[A])  <:  zio.blocks.schema.Patch.Op[T & S]
[error]     |     ==> A  <:  T & S
[error]     |       ==> A  <:  T
[error]     |         ==> A  <:  Nothing in frozen constraint
[error]     |           ==> S  <:  Nothing in frozen constraint
[error]     |             ==> Any  <:  Nothing in frozen constraint  = false
[error]     |             ==> Any  <:  Nothing in frozen constraint  = false
[error]     |           ==> Any  <:  Nothing in frozen constraint  = false
[error]     |         ==> S  <:  T
[error]     |           ==> S  <:  Nothing in frozen constraint
[error]     |             ==> Any  <:  Nothing in frozen constraint  = false
[error]     |             ==> Any  <:  Nothing in frozen constraint  = false
[error]     |           ==> Any  <:  T
[error]     |             ==> Any  <:  Nothing in frozen constraint  = false
[error]     |           ==> Any  <:  T in frozen constraint
[error]     |             ==> Any  <:  Nothing in frozen constraint  = false
[error]     |         ==> Any  <:  T in frozen constraint
[error]     |           ==> Any  <:  Nothing in frozen constraint  = false
[error]     |     ==> zio.blocks.schema.Patch.Op[A]  <:  zio.blocks.schema.Patch.Op[T & S]
[error]     |       ==> A  <:  T & S
[error]     |         ==> A  <:  T
[error]     |           ==> A  <:  Nothing in frozen constraint
[error]     |             ==> S  <:  Nothing in frozen constraint
[error]     |               ==> Any  <:  Nothing in frozen constraint  = false
[error]     |               ==> Any  <:  Nothing in frozen constraint  = false
[error]     |             ==> Any  <:  Nothing in frozen constraint  = false
[error]     |           ==> S  <:  T
[error]     |             ==> S  <:  Nothing in frozen constraint
[error]     |               ==> Any  <:  Nothing in frozen constraint  = false
[error]     |               ==> Any  <:  Nothing in frozen constraint  = false
[error]     |             ==> Any  <:  T
[error]     |               ==> Any  <:  Nothing in frozen constraint  = false
[error]     |             ==> Any  <:  T in frozen constraint
[error]     |               ==> Any  <:  Nothing in frozen constraint  = false
[error]     |           ==> Any  <:  T in frozen constraint
[error]     |             ==> Any  <:  Nothing in frozen constraint  = false
[error]     |
[error]     | The tests were made under a constraint with:
[error]     |  uninstantiated variables: S, A, B
[error]     |  constrained types:
[error]     |   [S, A <: S]
[error]     |     (optic: zio.blocks.schema.Prism[S, A], op: zio.blocks.schema.Patch.Op[A]):
[error]     |       zio.blocks.schema.Patch.PrismPair[S, A]
[error]     |   ,
[error]     |   [S, A <: S]
[error]     |     (optic: zio.blocks.schema.Prism[S, A], op: zio.blocks.schema.Patch.Op[A]):
[error]     |       zio.blocks.schema.Patch.PrismPair[S, A]
[error]     |   ,
[error]     |   [B]
[error]     |     (that: zio.blocks.schema.Traversal[S, B]): zio.blocks.schema.Traversal[T, B]
[error]     |  bounds:
[error]     |      S
[error]     |      A
[error]     |      S := T
[error]     |      A := T & S
[error]     |      B
[error]     |  ordering:
[error]     |      A <: S
[error]     |  co-deps:
[error]     |  contra-deps:
[error]      ---------------------------------------------------------------------------
[error] 8 errors found
[error] (schemaJVM / Compile / compileIncremental) Compilation failed
[error] Total time: 12 s, completed 11-Jan-2026, 5:23:02 pm
