sbt : WARNING: A terminally deprecated method in sun.misc.Unsafe has been called
At line:1 char:1
+ sbt compile 2>&1 > compile_output.txt; Get-Content compile_output.txt ...
+ ~~~~~~~~~~~~~~~~~~~~~~~~~~~~~~~~~~~~~
    + CategoryInfo          : NotSpecified: (WARNING: A term...has been called:String) [], Remot 
   eException
    + FullyQualifiedErrorId : NativeCommandError
 
WARNING: sun.misc.Unsafe::objectFieldOffset has been called by scala.runtime.LazyVals$ (file:/C:/
Program%20Files%20(x86)/sbt/bin/sbt-launch.jar)
WARNING: Please consider reporting this to the maintainers of class scala.runtime.LazyVals$
WARNING: sun.misc.Unsafe::objectFieldOffset will be removed in a future release
[info] welcome to sbt 1.12.0 (Oracle Corporation Java 25)
[info] loading settings for project zio-blocks-build-build from sbt-updates.sbt...
[info] loading project definition from C:\Users\Lukas\Documents\json-macro\zio-blocks\project\project
[info] loading settings for project zio-blocks-build from plugins.sbt...
[info] loading project definition from C:\Users\Lukas\Documents\json-macro\zio-blocks\project
[info] loading settings for project root from build.sbt...
[info] resolving key references (27231 settings) ...
[info] set current project to root (in build file:/C:/Users/Lukas/Documents/json-macro/zio-blocks/)
[info] Executing in batch mode. For better performance use sbt's shell
[info] compiling 3 Scala sources to C:\Users\Lukas\Documents\json-macro\zio-blocks\chunk\js\target\scala-3.3.7\classes ...
[info] compiling 2 Scala sources to C:\Users\Lukas\Documents\json-macro\zio-blocks\streams\.js\target\scala-3.3.7\classes ...
[info] compiling 3 Scala sources to C:\Users\Lukas\Documents\json-macro\zio-blocks\chunk\jvm\target\scala-3.3.7\classes ...
[info] compiling 2 Scala sources to C:\Users\Lukas\Documents\json-macro\zio-blocks\streams\.jvm\target\scala-3.3.7\classes ...
[info] done compiling
[info] done compiling
[info] compiling 2 Scala sources to C:\Users\Lukas\Documents\json-macro\zio-blocks\streams\.native\target\scala-3.3.7\classes ...
[info] compiling 3 Scala sources to C:\Users\Lukas\Documents\json-macro\zio-blocks\chunk\native\target\scala-3.3.7\classes ...
[info] done compiling
[info] done compiling
[info] done compiling
[info] done compiling
[info] compiling 91 Scala sources to C:\Users\Lukas\Documents\json-macro\zio-blocks\schema\js\target\scala-3.3.7\classes ...
[info] compiling 91 Scala sources and 2 Java sources to C:\Users\Lukas\Documents\json-macro\zio-blocks\schema\jvm\target\scala-3.3.7\classes ...
[info] compiling 93 Scala sources to C:\Users\Lukas\Documents\json-macro\zio-blocks\schema\native\target\scala-3.3.7\classes ...
[error] -- [E198] Unused Symbol Error: C:\Users\Lukas\Documents\json-macro\zio-blocks\schema\native\src\main\scala-3\zio\blocks\schema\json\package.scala:14:8 
[error] -- [E198] Unused Symbol Error: C:\Users\Lukas\Documents\json-macro\zio-blocks\schema\js-jvm\src\main\scala-3\zio\blocks\schema\json\package.scala:45:26 
[error] 45 |    import quotes.reflect._
[error]    |                          ^
[error]    |                          unused import
[error] -- [E198] Unused Symbol Error: C:\Users\Lukas\Documents\json-macro\zio-blocks\schema\js-jvm\src\main\scala-3\zio\blocks\schema\json\package.scala:45:26 
[error] 14 |    val parts = sc match {
[error] 45 |    import quotes.reflect._
[error]    |                          ^
[error]    |                          unused import
[error]    |        ^^^^^
[error]    |        unused local definition
[error] -- [E198] Unused Symbol Error: C:\Users\Lukas\Documents\json-macro\zio-blocks\schema\native\src\main\scala-3\zio\blocks\schema\json\package.scala:39:26 
[error] 39 |    import quotes.reflect._
[error]    |                          ^
[error]    |                          unused import
[error] -- [E198] Unused Symbol Error: C:\Users\Lukas\Documents\json-macro\zio-blocks\schema\native\src\main\scala-3\zio\blocks\schema\json\package.scala:74:13 
[error] -- [E198] Unused Symbol Error: C:\Users\Lukas\Documents\json-macro\zio-blocks\schema\js-jvm\src\main\scala-3\zio\blocks\schema\json\package.scala:80:13 
[error] 74 |        case result: ImplicitSearchSuccess => true
[error] -- [E198] Unused Symbol Error: C:\Users\Lukas\Documents\json-macro\zio-blocks\schema\js-jvm\src\main\scala-3\zio\blocks\schema\json\package.scala:80:13 
[error] 80 |        case result: ImplicitSearchSuccess => true
[error] 80 |        case result: ImplicitSearchSuccess => true
[error]    |             ^^^^^^
[error]    |             ^^^^^^
[error]    |             unused pattern variable
[error]    |             ^^^^^^
[error]    |             unused pattern variable
[error]    |             unused pattern variable
[error] three errors found
[error] two errors found
[error] two errors found
[error] (schemaJVM / Compile / compileIncremental) Compilation failed
[error] (schemaNative / Compile / compileIncremental) Compilation failed
[error] (schemaJS / Compile / compileIncremental) Compilation failed
[error] Total time: 41 s, completed 2026-01-24 13:26:06
